GAMS 36.0.0  r05db3f8 ALFA Released  9Jul21 WEX-WEI x86 64bit/MS Windows - 07/15/21 16:37:45 Page 1
'Runs C++ API examples (except for the expert level examples)' (CPPEX3,SEQ=56)
C o m p i l a t i o n


   2   
   3   
      Contributor: Alexander Fust, July 2017
   7   
   9   
  13   
  19   
  20  * build all examples
  23   
  26  $abort 'Problem compiling C++ API examples'
****       $343
**** LINE     28 INPUT       L:\workspace\gams-cpp\examples\CPPex3.gms
**** 343  Abort triggered by above statement

**** 1 ERROR(S)   0 WARNING(S)
GAMS 36.0.0  r05db3f8 ALFA Released  9Jul21 WEX-WEI x86 64bit/MS Windows - 07/15/21 16:37:45 Page 2
'Runs C++ API examples (except for the expert level examples)' (CPPEX3,SEQ=56)
Include File Summary


   SEQ   GLOBAL TYPE      PARENT   LOCAL  FILENAME

     1        1 INPUT          0       0  L:\workspace\gams-cpp\examples\CPPex3.gms
     2       21 CALL           1      21  cmake -G "Visual Studio 16 2019" -config Release -DVSVERSION:STRING=vs2019 "C:\GAMS\36\apifiles\C++"
     3       24 CALL           1      25  msbuild.exe examples.sln /p:Configuration=Release


COMPILATION TIME     =        0.875 SECONDS      2 MB  36.0.0 r05db3f8 WEX-WEI


USER: GAMS Demo license for Robin Goltermann         G201201|0002CO-GEN
      GAMS Software GmbH, Germany                              DL026012

**** ************* ALFA release
**** GAMS Base Module 36.0.0 r05db3f8 ALFA Released 09Jul21 WEI x86 64bit/MS Window
**** ************* ALFA release


**** FILE SUMMARY

Input      L:\workspace\gams-cpp\examples\CPPex3.gms
Output     L:\workspace\gams-cpp\examples\CPPex3.lst

**** USER ERROR(S) ENCOUNTERED
